// Jest Snapshot v1, https://goo.gl/fbAQLP

exports[`Pruebas en <FirstApp /> debe de hacer match con el snapshot 1`] = `
<div>
  <h1>
    Holam michael
  </h1>
  <p>
    No hay subt√≠tulo
  </p>
  <p>
    Michael Javier
  </p>
</div>
`;
